Component: ARM Compiler 5.06 update 6 (build 750) Tool: armlink [4d35ed]

==============================================================================

Section Cross References

    hmi.o(i.DrawMenu) refers to lcd_driver.o(i.GrClear) for GrClear
    hmi.o(i.DrawMenu) refers to lcd_driver.o(i.GrString_GB2312) for GrString_GB2312
    hmi.o(i.DrawMenu) refers to lcd_driver.o(.data) for INVERSE
    hmi.o(i.DrawMenu) refers to hmi.o(.data) for cMenuString
    hmi.o(i.KEY_Down_Onclick) refers to hmi.o(.data) for freeValue
    hmi.o(i.KEY_Left_Onclick) refers to hmi.o(.data) for ui8ButtonKeyValue
    hmi.o(i.KEY_Right_Onclick) refers to hmi.o(.data) for ui8ButtonKeyValue
    hmi.o(i.KEY_Up_Onclick) refers to hmi.o(.data) for freeValue
    hmi.o(i.Key_IODect) refers to hmi.o(i.KEY_Up_Onclick) for KEY_Up_Onclick
    hmi.o(i.Key_IODect) refers to hmi.o(i.KEY_Right_Onclick) for KEY_Right_Onclick
    hmi.o(i.Key_IODect) refers to hmi.o(i.KEY_Left_Onclick) for KEY_Left_Onclick
    hmi.o(i.Key_IODect) refers to hmi.o(i.KEY_Down_Onclick) for KEY_Down_Onclick
    hmi.o(i.Key_IODect) refers to hmi.o(.data) for KEY1_Now
    hmi.o(i.Key_Init) refers to hmi.o(i.ButtonKey_Init) for ButtonKey_Init
    hmi.o(i.Key_Init) refers to hmi.o(i.SysTick_Init) for SysTick_Init
    hmi.o(.data) refers to hmi.o(.conststring) for .conststring
    isr.o(i.SysTick_Handler) refers to hmi.o(i.Key_IODect) for Key_IODect
    isr.o(i.SysTick_Handler) refers to isr.o(.data) for N_SysTick
    lcd_driver.o(i.AsciiDisplay6_12) refers to lcd_driver.o(i.SetAddress) for SetAddress
    lcd_driver.o(i.AsciiDisplay6_12) refers to lcd_driver.o(i.WriteData) for WriteData
    lcd_driver.o(i.AsciiDisplay6_12) refers to lcd_driver.o(.data) for INVERSE
    lcd_driver.o(i.AsciiDisplay6_12) refers to lcd_driver.o(.bss) for Template_Memory
    lcd_driver.o(i.AsciiDisplay6_12) refers to lcd_driver.o(.constdata) for nAsciiDots
    lcd_driver.o(i.AsciiDisplay8_16) refers to lcd_driver.o(i.SetAddress) for SetAddress
    lcd_driver.o(i.AsciiDisplay8_16) refers to lcd_driver.o(i.WriteData) for WriteData
    lcd_driver.o(i.AsciiDisplay8_16) refers to lcd_driver.o(.data) for INVERSE
    lcd_driver.o(i.AsciiDisplay8_16) refers to lcd_driver.o(.constdata) for nAsciiDot
    lcd_driver.o(i.AsciiDisplay8_16) refers to lcd_driver.o(.bss) for Template_Memory
    lcd_driver.o(i.COGClear) refers to lcd_driver.o(i.WriteCommand) for WriteCommand
    lcd_driver.o(i.COGClear) refers to lcd_driver.o(i.WriteData) for WriteData
    lcd_driver.o(i.COGClear) refers to lcd_driver.o(.bss) for Template_Memory
    lcd_driver.o(i.GrAsciiDraw) refers to lcd_driver.o(i.AsciiDisplay6_12) for AsciiDisplay6_12
    lcd_driver.o(i.GrClear) refers to lcd_driver.o(i.WriteCommand) for WriteCommand
    lcd_driver.o(i.GrClear) refers to lcd_driver.o(i.WriteData) for WriteData
    lcd_driver.o(i.GrClear) refers to lcd_driver.o(.bss) for Template_Memory
    lcd_driver.o(i.GrDisplay_ZK_16x16) refers to lcd_driver.o(i.ROM_WriteCmd) for ROM_WriteCmd
    lcd_driver.o(i.GrDisplay_ZK_16x16) refers to lcd_driver.o(i.SetAddress) for SetAddress
    lcd_driver.o(i.GrDisplay_ZK_16x16) refers to lcd_driver.o(i.ROM_ReadData) for ROM_ReadData
    lcd_driver.o(i.GrDisplay_ZK_16x16) refers to lcd_driver.o(i.WriteData) for WriteData
    lcd_driver.o(i.GrDisplay_ZK_16x16) refers to lcd_driver.o(.data) for INVERSE
    lcd_driver.o(i.GrDisplay_ZK_16x16) refers to lcd_driver.o(.bss) for Template_Memory
    lcd_driver.o(i.GrDisplay_ZK_5x8) refers to lcd_driver.o(i.ROM_WriteCmd) for ROM_WriteCmd
    lcd_driver.o(i.GrDisplay_ZK_5x8) refers to lcd_driver.o(i.SetAddress) for SetAddress
    lcd_driver.o(i.GrDisplay_ZK_5x8) refers to lcd_driver.o(i.ROM_ReadData) for ROM_ReadData
    lcd_driver.o(i.GrDisplay_ZK_5x8) refers to lcd_driver.o(i.WriteData) for WriteData
    lcd_driver.o(i.GrDisplay_ZK_5x8) refers to lcd_driver.o(.data) for INVERSE
    lcd_driver.o(i.GrDisplay_ZK_5x8) refers to lcd_driver.o(.bss) for Template_Memory
    lcd_driver.o(i.GrDisplay_ZK_8x16) refers to lcd_driver.o(i.ROM_WriteCmd) for ROM_WriteCmd
    lcd_driver.o(i.GrDisplay_ZK_8x16) refers to lcd_driver.o(i.SetAddress) for SetAddress
    lcd_driver.o(i.GrDisplay_ZK_8x16) refers to lcd_driver.o(i.ROM_ReadData) for ROM_ReadData
    lcd_driver.o(i.GrDisplay_ZK_8x16) refers to lcd_driver.o(i.WriteData) for WriteData
    lcd_driver.o(i.GrDisplay_ZK_8x16) refers to lcd_driver.o(.data) for INVERSE
    lcd_driver.o(i.GrDisplay_ZK_8x16) refers to lcd_driver.o(.bss) for Template_Memory
    lcd_driver.o(i.GrRectDraw) refers to lcd_driver.o(i.GrlineDraw) for GrlineDraw
    lcd_driver.o(i.GrStringDraw) refers to lcd_driver.o(i.AsciiDisplay8_16) for AsciiDisplay8_16
    lcd_driver.o(i.GrStringDraw) refers to lcd_driver.o(i.HzDisplay16_16) for HzDisplay16_16
    lcd_driver.o(i.GrStringNum) refers to lcd_driver.o(i.floatTochar) for floatTochar
    lcd_driver.o(i.GrStringNum) refers to lcd_driver.o(i.GrString_GB2312) for GrString_GB2312
    lcd_driver.o(i.GrStringNum) refers to lcd_driver.o(.bss) for databuf
    lcd_driver.o(i.GrString_5x8) refers to lcd_driver.o(i.GrDisplay_ZK_5x8) for GrDisplay_ZK_5x8
    lcd_driver.o(i.GrString_GB2312) refers to lcd_driver.o(i.GrDisplay_ZK_16x16) for GrDisplay_ZK_16x16
    lcd_driver.o(i.GrString_GB2312) refers to lcd_driver.o(i.GrDisplay_ZK_8x16) for GrDisplay_ZK_8x16
    lcd_driver.o(i.GrlineDraw) refers to dflti.o(.text) for __aeabi_i2d
    lcd_driver.o(i.GrlineDraw) refers to dmul.o(.text) for __aeabi_dmul
    lcd_driver.o(i.GrlineDraw) refers to ddiv.o(.text) for __aeabi_ddiv
    lcd_driver.o(i.GrlineDraw) refers to d2f.o(.text) for __aeabi_d2f
    lcd_driver.o(i.GrlineDraw) refers to ffltui.o(.text) for __aeabi_ui2f
    lcd_driver.o(i.GrlineDraw) refers to fflti.o(.text) for __aeabi_i2f
    lcd_driver.o(i.GrlineDraw) refers to fmul.o(.text) for __aeabi_fmul
    lcd_driver.o(i.GrlineDraw) refers to fadd.o(.text) for __aeabi_fadd
    lcd_driver.o(i.GrlineDraw) refers to ffixui.o(.text) for __aeabi_f2uiz
    lcd_driver.o(i.GrlineDraw) refers to pow.o(i.pow) for pow
    lcd_driver.o(i.GrlineDraw) refers to dfixui.o(.text) for __aeabi_d2uiz
    lcd_driver.o(i.GrlineDraw) refers to lcd_driver.o(i.SetAddress) for SetAddress
    lcd_driver.o(i.GrlineDraw) refers to lcd_driver.o(i.WriteData) for WriteData
    lcd_driver.o(i.GrlineDraw) refers to lcd_driver.o(.bss) for Template_Memory
    lcd_driver.o(i.HzDisplay16_16) refers to lcd_driver.o(i.GrAsciiDraw) for GrAsciiDraw
    lcd_driver.o(i.HzDisplay16_16) refers to lcd_driver.o(i.SetAddress) for SetAddress
    lcd_driver.o(i.HzDisplay16_16) refers to lcd_driver.o(i.WriteData) for WriteData
    lcd_driver.o(i.HzDisplay16_16) refers to lcd_driver.o(.constdata) for GB_16
    lcd_driver.o(i.HzDisplay16_16) refers to lcd_driver.o(.data) for INVERSE
    lcd_driver.o(i.HzDisplay16_16) refers to lcd_driver.o(.bss) for Template_Memory
    lcd_driver.o(i.InitLCDDisplayBuffer) refers to lcd_driver.o(.bss) for Template_Memory
    lcd_driver.o(i.LCD_DriverInit) refers to lcd_driver.o(i.InitGPIOLCDInterface) for InitGPIOLCDInterface
    lcd_driver.o(i.LCD_DriverInit) refers to lcd_driver.o(i.InitLCDDisplayBuffer) for InitLCDDisplayBuffer
    lcd_driver.o(i.LCD_DriverInit) refers to lcd_driver.o(i.delay_COG12864) for delay_COG12864
    lcd_driver.o(i.LCD_DriverInit) refers to lcd_driver.o(i.WriteCommand) for WriteCommand
    lcd_driver.o(i.LCD_DriverInit) refers to lcd_driver.o(i.COGClear) for COGClear
    lcd_driver.o(i.ROM_ReadData) refers to lcd_driver.o(i.delay_us) for delay_us
    lcd_driver.o(i.SetAddress) refers to lcd_driver.o(i.WriteCommand) for WriteCommand
    lcd_driver.o(i.WriteCommand) refers to lcd_driver.o(i.SendByte) for SendByte
    lcd_driver.o(i.WriteData) refers to lcd_driver.o(i.SendByte) for SendByte
    lcd_driver.o(i.Write_Ndata) refers to lcd_driver.o(i.SendByte) for SendByte
    lcd_driver.o(i.floatTochar) refers to cfcmple.o(.text) for __aeabi_cfcmple
    lcd_driver.o(i.floatTochar) refers to f2d.o(.text) for __aeabi_f2d
    lcd_driver.o(i.floatTochar) refers to dfixui.o(.text) for __aeabi_d2uiz
    lcd_driver.o(i.floatTochar) refers to uidiv.o(.text) for __aeabi_uidivmod
    lcd_driver.o(i.floatTochar) refers to ffixui.o(.text) for __aeabi_f2uiz
    lcd_driver.o(i.floatTochar) refers to ffltui.o(.text) for __aeabi_ui2f
    lcd_driver.o(i.floatTochar) refers to fadd.o(.text) for __aeabi_frsub
    lcd_driver.o(i.floatTochar) refers to fmul.o(.text) for __aeabi_fmul
    main.o(i.main) refers to lcd_driver.o(i.LCD_DriverInit) for LCD_DriverInit
    main.o(i.main) refers to hmi.o(i.Key_Init) for Key_Init
    main.o(i.main) refers to utils.o(i.GPIO_Init) for GPIO_Init
    main.o(i.main) refers to hmi.o(i.DrawMenu) for DrawMenu
    main.o(i.main) refers to main.o(i.__ARM_common_switch8) for __ARM_common_switch8
    main.o(i.main) refers to utils.o(i.Button_control) for Button_control
    main.o(i.main) refers to utils.o(i.Sound_Mode) for Sound_Mode
    main.o(i.main) refers to utils.o(i.Sound_Detect) for Sound_Detect
    main.o(i.main) refers to utils.o(i.Clock_Mode) for Clock_Mode
    main.o(i.main) refers to utils.o(i.Timer) for Timer
    main.o(i.main) refers to hmi.o(.data) for ui8ButtonKeyValue
    utils.o(i.Button_control) refers to lcd_driver.o(i.GrClear) for GrClear
    utils.o(i.Button_control) refers to lcd_driver.o(i.GrString_GB2312) for GrString_GB2312
    utils.o(i.Button_control) refers to utils.o(i.delay) for delay
    utils.o(i.Button_control) refers to rand.o(.text) for rand
    utils.o(i.Button_control) refers to hmi.o(.data) for ui8Value
    utils.o(i.Clock_Mode) refers to idiv.o(.text) for __aeabi_idivmod
    utils.o(i.Clock_Mode) refers to lcd_driver.o(i.GrClear) for GrClear
    utils.o(i.Clock_Mode) refers to lcd_driver.o(i.GrString_GB2312) for GrString_GB2312
    utils.o(i.Clock_Mode) refers to fflti.o(.text) for __aeabi_i2f
    utils.o(i.Clock_Mode) refers to lcd_driver.o(i.GrStringNum) for GrStringNum
    utils.o(i.Clock_Mode) refers to hmi.o(.data) for ui8Value
    utils.o(i.Clock_Mode) refers to utils.o(.data) for CLOCKS_PER_SEC
    utils.o(i.Clock_Mode) refers to isr.o(.data) for N_SysTick
    utils.o(i.Sound_Detect) refers to utils.o(i.ADC0_init) for ADC0_init
    utils.o(i.Sound_Detect) refers to lcd_driver.o(i.GrClear) for GrClear
    utils.o(i.Sound_Detect) refers to lcd_driver.o(i.GrString_GB2312) for GrString_GB2312
    utils.o(i.Sound_Detect) refers to ffltui.o(.text) for __aeabi_ui2f
    utils.o(i.Sound_Detect) refers to lcd_driver.o(i.GrStringNum) for GrStringNum
    utils.o(i.Sound_Detect) refers to hmi.o(.data) for ui8Value
    utils.o(i.Sound_Detect) refers to isr.o(.data) for N_SysTick
    utils.o(i.Sound_Detect) refers to utils.o(.data) for adc_result
    utils.o(i.Sound_Mode) refers to utils.o(i.ADC0_init) for ADC0_init
    utils.o(i.Sound_Mode) refers to lcd_driver.o(i.GrClear) for GrClear
    utils.o(i.Sound_Mode) refers to lcd_driver.o(i.GrString_GB2312) for GrString_GB2312
    utils.o(i.Sound_Mode) refers to utils.o(i.delay) for delay
    utils.o(i.Sound_Mode) refers to hmi.o(.data) for ui8Value
    utils.o(i.Sound_Mode) refers to isr.o(.data) for N_SysTick
    utils.o(i.Sound_Mode) refers to utils.o(.data) for adc_result
    utils.o(i.Timer) refers to lcd_driver.o(i.GrClear) for GrClear
    utils.o(i.Timer) refers to lcd_driver.o(i.GrString_GB2312) for GrString_GB2312
    utils.o(i.Timer) refers to fflti.o(.text) for __aeabi_i2f
    utils.o(i.Timer) refers to lcd_driver.o(i.GrStringNum) for GrStringNum
    utils.o(i.Timer) refers to idiv.o(.text) for __aeabi_idivmod
    utils.o(i.Timer) refers to utils.o(i.delay) for delay
    utils.o(i.Timer) refers to hmi.o(.data) for ui8Value
    utils.o(i.Timer) refers to utils.o(.data) for CLOCKS_PER_SEC
    utils.o(i.Timer) refers to isr.o(.data) for N_SysTick
    startup_mkl25z4.o(RESET) refers to startup_mkl25z4.o(STACK) for __initial_sp
    startup_mkl25z4.o(RESET) refers to startup_mkl25z4.o(.text) for Reset_Handler
    startup_mkl25z4.o(RESET) refers to isr.o(i.SysTick_Handler) for SysTick_Handler
    startup_mkl25z4.o(.text) refers to system_mkl25z4.o(i.SystemInit) for SystemInit
    startup_mkl25z4.o(.text) refers to entry.o(.ARM.Collect$$$$00000000) for __main
    system_mkl25z4.o(i.SystemCoreClockUpdate) refers to uidiv.o(.text) for __aeabi_uidivmod
    system_mkl25z4.o(i.SystemCoreClockUpdate) refers to main.o(i.__ARM_common_switch8) for __ARM_common_switch8
    system_mkl25z4.o(i.SystemCoreClockUpdate) refers to system_mkl25z4.o(.data) for SystemCoreClock
    pow.o(i.__softfp_pow) refers (Special) to iusefp.o(.text) for __I$use$fp
    pow.o(i.__softfp_pow) refers to pow.o(i.pow) for pow
    pow.o(i.pow) refers (Special) to iusefp.o(.text) for __I$use$fp
    pow.o(i.pow) refers to dunder.o(i.__mathlib_dbl_infnan2) for __mathlib_dbl_infnan2
    pow.o(i.pow) refers to errno.o(i.__set_errno) for __set_errno
    pow.o(i.pow) refers to dunder.o(i.__mathlib_dbl_divzero) for __mathlib_dbl_divzero
    pow.o(i.pow) refers to ddiv.o(.text) for __aeabi_ddiv
    pow.o(i.pow) refers to sqrt.o(i.sqrt) for sqrt
    pow.o(i.pow) refers to dflti.o(.text) for __aeabi_i2d
    pow.o(i.pow) refers to dunder.o(i.__mathlib_dbl_invalid) for __mathlib_dbl_invalid
    pow.o(i.pow) refers to dunder.o(i.__mathlib_dbl_overflow) for __mathlib_dbl_overflow
    pow.o(i.pow) refers to dmul.o(.text) for __aeabi_dmul
    pow.o(i.pow) refers to dunder.o(i.__mathlib_dbl_underflow) for __mathlib_dbl_underflow
    pow.o(i.pow) refers to dadd.o(.text) for __aeabi_dsub
    pow.o(i.pow) refers to dscalb.o(.text) for __ARM_scalbn
    pow.o(i.pow) refers to qnan.o(.constdata) for __mathlib_zero
    pow.o(i.pow) refers to poly.o(i.__kernel_poly) for __kernel_poly
    pow.o(i.pow) refers to cdrcmple.o(.text) for __aeabi_cdrcmple
    pow.o(i.pow) refers to pow.o(.constdata) for .constdata
    pow.o(i.pow) refers to fpclassify.o(i.__ARM_fpclassify) for __ARM_fpclassify
    pow.o(.constdata) refers (Special) to iusefp.o(.text) for __I$use$fp
    pow_x.o(i.____softfp_pow$lsc) refers (Special) to iusefp.o(.text) for __I$use$fp
    pow_x.o(i.____softfp_pow$lsc) refers to pow_x.o(i.__pow$lsc) for __pow$lsc
    pow_x.o(i.__pow$lsc) refers (Special) to iusefp.o(.text) for __I$use$fp
    pow_x.o(i.__pow$lsc) refers to dunder.o(i.__mathlib_dbl_infnan2) for __mathlib_dbl_infnan2
    pow_x.o(i.__pow$lsc) refers to errno.o(i.__set_errno) for __set_errno
    pow_x.o(i.__pow$lsc) refers to ddiv.o(.text) for __aeabi_ddiv
    pow_x.o(i.__pow$lsc) refers to sqrt.o(i.sqrt) for sqrt
    pow_x.o(i.__pow$lsc) refers to dflti.o(.text) for __aeabi_i2d
    pow_x.o(i.__pow$lsc) refers to dmul.o(.text) for __aeabi_dmul
    pow_x.o(i.__pow$lsc) refers to dadd.o(.text) for __aeabi_dsub
    pow_x.o(i.__pow$lsc) refers to dscalb.o(.text) for __ARM_scalbn
    pow_x.o(i.__pow$lsc) refers to qnan.o(.constdata) for __mathlib_zero
    pow_x.o(i.__pow$lsc) refers to poly.o(i.__kernel_poly) for __kernel_poly
    pow_x.o(i.__pow$lsc) refers to cdrcmple.o(.text) for __aeabi_cdrcmple
    pow_x.o(i.__pow$lsc) refers to pow_x.o(.constdata) for .constdata
    pow_x.o(.constdata) refers (Special) to iusefp.o(.text) for __I$use$fp
    entry.o(.ARM.Collect$$$$00000000) refers (Special) to entry10a.o(.ARM.Collect$$$$0000000D) for __rt_final_cpp
    entry.o(.ARM.Collect$$$$00000000) refers (Special) to entry11a.o(.ARM.Collect$$$$0000000F) for __rt_final_exit
    entry.o(.ARM.Collect$$$$00000000) refers (Special) to entry7b.o(.ARM.Collect$$$$00000008) for _main_clock
    entry.o(.ARM.Collect$$$$00000000) refers (Special) to entry8b.o(.ARM.Collect$$$$0000000A) for _main_cpp_init
    entry.o(.ARM.Collect$$$$00000000) refers (Special) to entry9a.o(.ARM.Collect$$$$0000000B) for _main_init
    entry.o(.ARM.Collect$$$$00000000) refers (Special) to entry5.o(.ARM.Collect$$$$00000004) for _main_scatterload
    entry.o(.ARM.Collect$$$$00000000) refers (Special) to entry2.o(.ARM.Collect$$$$00000001) for _main_stk
    idiv.o(.text) refers to uidiv.o(.text) for __aeabi_uidivmod
    rand.o(.text) refers to rand.o(.data) for .data
    fadd.o(.text) refers (Special) to iusefp.o(.text) for __I$use$fp
    fadd.o(.text) refers to fepilogue.o(.text) for _float_epilogue
    fmul.o(.text) refers (Special) to iusefp.o(.text) for __I$use$fp
    dmul.o(.text) refers (Special) to iusefp.o(.text) for __I$use$fp
    dmul.o(.text) refers to depilogue.o(.text) for _double_epilogue
    ddiv.o(.text) refers (Special) to iusefp.o(.text) for __I$use$fp
    ddiv.o(.text) refers to depilogue.o(.text) for _double_round
    fflti.o(.text) refers (Special) to iusefp.o(.text) for __I$use$fp
    fflti.o(.text) refers to fepilogue.o(.text) for _float_epilogue
    ffltui.o(.text) refers (Special) to iusefp.o(.text) for __I$use$fp
    ffltui.o(.text) refers to fepilogue.o(.text) for _float_epilogue
    dflti.o(.text) refers (Special) to iusefp.o(.text) for __I$use$fp
    dflti.o(.text) refers to depilogue.o(.text) for _double_epilogue
    ffixui.o(.text) refers (Special) to iusefp.o(.text) for __I$use$fp
    dfixui.o(.text) refers (Special) to iusefp.o(.text) for __I$use$fp
    dfixui.o(.text) refers to llushr.o(.text) for __aeabi_llsr
    f2d.o(.text) refers (Special) to iusefp.o(.text) for __I$use$fp
    d2f.o(.text) refers (Special) to iusefp.o(.text) for __I$use$fp
    d2f.o(.text) refers to fepilogue.o(.text) for _float_round
    cfcmple.o(.text) refers (Special) to iusefp.o(.text) for __I$use$fp
    dunder.o(i.__mathlib_dbl_divzero) refers to ddiv.o(.text) for __aeabi_ddiv
    dunder.o(i.__mathlib_dbl_infnan) refers to dscalb.o(.text) for __ARM_scalbn
    dunder.o(i.__mathlib_dbl_infnan2) refers to dadd.o(.text) for __aeabi_dadd
    dunder.o(i.__mathlib_dbl_invalid) refers to ddiv.o(.text) for __aeabi_ddiv
    dunder.o(i.__mathlib_dbl_overflow) refers to dscalb.o(.text) for __ARM_scalbn
    dunder.o(i.__mathlib_dbl_posinfnan) refers to dmul.o(.text) for __aeabi_dmul
    dunder.o(i.__mathlib_dbl_underflow) refers to dscalb.o(.text) for __ARM_scalbn
    fpclassify.o(i.__ARM_fpclassify) refers (Special) to iusefp.o(.text) for __I$use$fp
    poly.o(i.__kernel_poly) refers (Special) to iusefp.o(.text) for __I$use$fp
    poly.o(i.__kernel_poly) refers to dmul.o(.text) for __aeabi_dmul
    poly.o(i.__kernel_poly) refers to dadd.o(.text) for __aeabi_dadd
    qnan.o(.constdata) refers (Special) to iusefp.o(.text) for __I$use$fp
    sqrt.o(i.__softfp_sqrt) refers (Special) to iusefp.o(.text) for __I$use$fp
    sqrt.o(i.__softfp_sqrt) refers to dsqrt.o(.text) for _dsqrt
    sqrt.o(i.__softfp_sqrt) refers to errno.o(i.__set_errno) for __set_errno
    sqrt.o(i.sqrt) refers (Special) to iusefp.o(.text) for __I$use$fp
    sqrt.o(i.sqrt) refers to dsqrt.o(.text) for _dsqrt
    sqrt.o(i.sqrt) refers to errno.o(i.__set_errno) for __set_errno
    sqrt_x.o(i.____softfp_sqrt$lsc) refers (Special) to iusefp.o(.text) for __I$use$fp
    sqrt_x.o(i.____softfp_sqrt$lsc) refers to cdcmple.o(.text) for __aeabi_cdcmple
    sqrt_x.o(i.____softfp_sqrt$lsc) refers to errno.o(i.__set_errno) for __set_errno
    sqrt_x.o(i.____softfp_sqrt$lsc) refers to dsqrt.o(.text) for _dsqrt
    sqrt_x.o(i.__sqrt$lsc) refers (Special) to iusefp.o(.text) for __I$use$fp
    sqrt_x.o(i.__sqrt$lsc) refers to cdcmple.o(.text) for __aeabi_cdcmple
    sqrt_x.o(i.__sqrt$lsc) refers to errno.o(i.__set_errno) for __set_errno
    sqrt_x.o(i.__sqrt$lsc) refers to dsqrt.o(.text) for _dsqrt
    entry2.o(.ARM.Collect$$$$00000001) refers to entry2.o(.ARM.Collect$$$$00002712) for __lit__00000000
    entry2.o(.ARM.Collect$$$$00002712) refers to startup_mkl25z4.o(STACK) for __initial_sp
    entry2.o(__vectab_stack_and_reset_area) refers to startup_mkl25z4.o(STACK) for __initial_sp
    entry2.o(__vectab_stack_and_reset_area) refers to entry.o(.ARM.Collect$$$$00000000) for __main
    entry5.o(.ARM.Collect$$$$00000004) refers to init.o(.text) for __scatterload
    entry9a.o(.ARM.Collect$$$$0000000B) refers to main.o(i.main) for main
    entry9b.o(.ARM.Collect$$$$0000000C) refers to main.o(i.main) for main
    errno.o(i.__aeabi_errno_addr) refers to errno.o(.data) for .data
    errno.o(i.__read_errno) refers to errno.o(.data) for .data
    errno.o(i.__set_errno) refers to errno.o(.data) for .data
    depilogue.o(.text) refers to depilogue.o(i.__ARM_clz) for __ARM_clz
    depilogue.o(.text) refers to llshl.o(.text) for __aeabi_llsl
    depilogue.o(.text) refers to llushr.o(.text) for __aeabi_llsr
    dadd.o(.text) refers to llshl.o(.text) for __aeabi_llsl
    dadd.o(.text) refers to llsshr.o(.text) for __aeabi_lasr
    dadd.o(.text) refers to depilogue.o(.text) for _double_epilogue
    init.o(.text) refers to entry5.o(.ARM.Collect$$$$00000004) for __main_after_scatterload
    dsqrt.o(.text) refers to llushr.o(.text) for __aeabi_llsr
    dsqrt.o(.text) refers to depilogue.o(.text) for _double_round


==============================================================================

Removing Unused input sections from the image.

    Removing hmi.o(.rev16_text), (4 bytes).
    Removing hmi.o(.revsh_text), (4 bytes).
    Removing isr.o(.rev16_text), (4 bytes).
    Removing isr.o(.revsh_text), (4 bytes).
    Removing lcd_driver.o(.rev16_text), (4 bytes).
    Removing lcd_driver.o(.revsh_text), (4 bytes).
    Removing lcd_driver.o(i.AsciiDisplay6_12), (272 bytes).
    Removing lcd_driver.o(i.AsciiDisplay8_16), (164 bytes).
    Removing lcd_driver.o(i.GrAsciiDraw), (48 bytes).
    Removing lcd_driver.o(i.GrDisplay_ZK_5x8), (160 bytes).
    Removing lcd_driver.o(i.GrRectDraw), (60 bytes).
    Removing lcd_driver.o(i.GrStringDraw), (104 bytes).
    Removing lcd_driver.o(i.GrString_5x8), (76 bytes).
    Removing lcd_driver.o(i.GrlineDraw), (536 bytes).
    Removing lcd_driver.o(i.HzDisplay16_16), (280 bytes).
    Removing lcd_driver.o(i.Write_Ndata), (68 bytes).
    Removing lcd_driver.o(.constdata), (3266 bytes).
    Removing main.o(.rev16_text), (4 bytes).
    Removing main.o(.revsh_text), (4 bytes).
    Removing utils.o(.rev16_text), (4 bytes).
    Removing utils.o(.revsh_text), (4 bytes).
    Removing startup_mkl25z4.o(HEAP), (0 bytes).
    Removing system_mkl25z4.o(.rev16_text), (4 bytes).
    Removing system_mkl25z4.o(.revsh_text), (4 bytes).
    Removing system_mkl25z4.o(i.SystemCoreClockUpdate), (400 bytes).
    Removing system_mkl25z4.o(.data), (4 bytes).
    Removing dmul.o(.text), (208 bytes).
    Removing ddiv.o(.text), (240 bytes).
    Removing dflti.o(.text), (40 bytes).
    Removing d2f.o(.text), (56 bytes).
    Removing depilogue.o(.text), (190 bytes).
    Removing dadd.o(.text), (356 bytes).
    Removing dscalb.o(.text), (44 bytes).
    Removing cdrcmple.o(.text), (40 bytes).
    Removing dsqrt.o(.text), (162 bytes).
    Removing cdcmple.o(.text), (40 bytes).
    Removing depilogue.o(i.__ARM_clz), (46 bytes).

37 unused section(s) (total 6908 bytes) removed from the image.

==============================================================================

Image Symbol Table

    Local Symbols

    Symbol Name                              Value     Ov Type        Size  Object(Section)

    RESET                                    0x00000000   Section      192  startup_mkl25z4.o(RESET)
    ../clib/microlib/division.c              0x00000000   Number         0  idiv.o ABSOLUTE
    ../clib/microlib/division.c              0x00000000   Number         0  uidiv.o ABSOLUTE
    ../clib/microlib/errno.c                 0x00000000   Number         0  errno.o ABSOLUTE
    ../clib/microlib/init/entry.s            0x00000000   Number         0  entry11a.o ABSOLUTE
    ../clib/microlib/init/entry.s            0x00000000   Number         0  entry8a.o ABSOLUTE
    ../clib/microlib/init/entry.s            0x00000000   Number         0  entry8b.o ABSOLUTE
    ../clib/microlib/init/entry.s            0x00000000   Number         0  entry11b.o ABSOLUTE
    ../clib/microlib/init/entry.s            0x00000000   Number         0  entry.o ABSOLUTE
    ../clib/microlib/init/entry.s            0x00000000   Number         0  entry7b.o ABSOLUTE
    ../clib/microlib/init/entry.s            0x00000000   Number         0  entry7a.o ABSOLUTE
    ../clib/microlib/init/entry.s            0x00000000   Number         0  entry9b.o ABSOLUTE
    ../clib/microlib/init/entry.s            0x00000000   Number         0  entry5.o ABSOLUTE
    ../clib/microlib/init/entry.s            0x00000000   Number         0  entry10b.o ABSOLUTE
    ../clib/microlib/init/entry.s            0x00000000   Number         0  entry10a.o ABSOLUTE
    ../clib/microlib/init/entry.s            0x00000000   Number         0  entry9a.o ABSOLUTE
    ../clib/microlib/init/entry.s            0x00000000   Number         0  entry2.o ABSOLUTE
    ../clib/microlib/longlong.c              0x00000000   Number         0  llushr.o ABSOLUTE
    ../clib/microlib/longlong.c              0x00000000   Number         0  llshl.o ABSOLUTE
    ../clib/microlib/longlong.c              0x00000000   Number         0  llsshr.o ABSOLUTE
    ../clib/microlib/stdlib/rand.c           0x00000000   Number         0  rand.o ABSOLUTE
    ../clib/microlib/stubs.s                 0x00000000   Number         0  iusefp.o ABSOLUTE
    ../fplib/microlib/d2f.c                  0x00000000   Number         0  d2f.o ABSOLUTE
    ../fplib/microlib/f2d.c                  0x00000000   Number         0  f2d.o ABSOLUTE
    ../fplib/microlib/fpadd.c                0x00000000   Number         0  fadd.o ABSOLUTE
    ../fplib/microlib/fpadd.c                0x00000000   Number         0  dadd.o ABSOLUTE
    ../fplib/microlib/fpdiv.c                0x00000000   Number         0  ddiv.o ABSOLUTE
    ../fplib/microlib/fpepilogue.c           0x00000000   Number         0  fepilogue.o ABSOLUTE
    ../fplib/microlib/fpepilogue.c           0x00000000   Number         0  depilogue.o ABSOLUTE
    ../fplib/microlib/fpfix.c                0x00000000   Number         0  ffixui.o ABSOLUTE
    ../fplib/microlib/fpfix.c                0x00000000   Number         0  dfixui.o ABSOLUTE
    ../fplib/microlib/fpflt.c                0x00000000   Number         0  dflti.o ABSOLUTE
    ../fplib/microlib/fpflt.c                0x00000000   Number         0  ffltui.o ABSOLUTE
    ../fplib/microlib/fpflt.c                0x00000000   Number         0  fflti.o ABSOLUTE
    ../fplib/microlib/fpmul.c                0x00000000   Number         0  fmul.o ABSOLUTE
    ../fplib/microlib/fpmul.c                0x00000000   Number         0  dmul.o ABSOLUTE
    ../fplib/microlib/fpscalb.c              0x00000000   Number         0  dscalb.o ABSOLUTE
    ../fplib/microlib/fpsqrt.c               0x00000000   Number         0  dsqrt.o ABSOLUTE
    ../mathlib/dunder.c                      0x00000000   Number         0  dunder.o ABSOLUTE
    ../mathlib/fpclassify.c                  0x00000000   Number         0  fpclassify.o ABSOLUTE
    ../mathlib/poly.c                        0x00000000   Number         0  poly.o ABSOLUTE
    ../mathlib/pow.c                         0x00000000   Number         0  pow_x.o ABSOLUTE
    ../mathlib/pow.c                         0x00000000   Number         0  pow.o ABSOLUTE
    ../mathlib/qnan.c                        0x00000000   Number         0  qnan.o ABSOLUTE
    ../mathlib/sqrt.c                        0x00000000   Number         0  sqrt_x.o ABSOLUTE
    ../mathlib/sqrt.c                        0x00000000   Number         0  sqrt.o ABSOLUTE
    RTE\Device\MKL25Z128xxx4\startup_MKL25Z4.s 0x00000000   Number         0  startup_mkl25z4.o ABSOLUTE
    RTE\Device\MKL25Z128xxx4\system_MKL25Z4.c 0x00000000   Number         0  system_mkl25z4.o ABSOLUTE
    RTE\\Device\\MKL25Z128xxx4\\system_MKL25Z4.c 0x00000000   Number         0  system_mkl25z4.o ABSOLUTE
    cdcmple.s                                0x00000000   Number         0  cdcmple.o ABSOLUTE
    cdrcmple.s                               0x00000000   Number         0  cdrcmple.o ABSOLUTE
    cfcmple.s                                0x00000000   Number         0  cfcmple.o ABSOLUTE
    dc.s                                     0x00000000   Number         0  dc.o ABSOLUTE
    handlers.s                               0x00000000   Number         0  handlers.o ABSOLUTE
    init.s                                   0x00000000   Number         0  init.o ABSOLUTE
    user\HMI.c                               0x00000000   Number         0  hmi.o ABSOLUTE
    user\ISR.c                               0x00000000   Number         0  isr.o ABSOLUTE
    user\\HMI.c                              0x00000000   Number         0  hmi.o ABSOLUTE
    user\\ISR.c                              0x00000000   Number         0  isr.o ABSOLUTE
    user\\lcd_driver.c                       0x00000000   Number         0  lcd_driver.o ABSOLUTE
    user\\main.c                             0x00000000   Number         0  main.o ABSOLUTE
    user\\utils.c                            0x00000000   Number         0  utils.o ABSOLUTE
    user\lcd_driver.c                        0x00000000   Number         0  lcd_driver.o ABSOLUTE
    user\main.c                              0x00000000   Number         0  main.o ABSOLUTE
    user\utils.c                             0x00000000   Number         0  utils.o ABSOLUTE
    .ARM.Collect$$$$00000000                 0x000000c0   Section        0  entry.o(.ARM.Collect$$$$00000000)
    .ARM.Collect$$$$00000001                 0x000000c0   Section        4  entry2.o(.ARM.Collect$$$$00000001)
    .ARM.Collect$$$$00000004                 0x000000c4   Section        4  entry5.o(.ARM.Collect$$$$00000004)
    .ARM.Collect$$$$00000008                 0x000000c8   Section        0  entry7b.o(.ARM.Collect$$$$00000008)
    .ARM.Collect$$$$0000000A                 0x000000c8   Section        0  entry8b.o(.ARM.Collect$$$$0000000A)
    .ARM.Collect$$$$0000000B                 0x000000c8   Section        8  entry9a.o(.ARM.Collect$$$$0000000B)
    .ARM.Collect$$$$0000000D                 0x000000d0   Section        0  entry10a.o(.ARM.Collect$$$$0000000D)
    .ARM.Collect$$$$0000000F                 0x000000d0   Section        0  entry11a.o(.ARM.Collect$$$$0000000F)
    .ARM.Collect$$$$00002712                 0x000000d0   Section        4  entry2.o(.ARM.Collect$$$$00002712)
    __lit__00000000                          0x000000d0   Data           4  entry2.o(.ARM.Collect$$$$00002712)
    .text                                    0x000000d4   Section       40  startup_mkl25z4.o(.text)
    .text                                    0x000000fc   Section        0  uidiv.o(.text)
    .text                                    0x00000128   Section        0  idiv.o(.text)
    .text                                    0x00000150   Section        0  rand.o(.text)
    .text                                    0x00000174   Section        0  fadd.o(.text)
    .text                                    0x00000226   Section        0  fmul.o(.text)
    .text                                    0x000002a0   Section        0  fflti.o(.text)
    .text                                    0x000002b6   Section        0  ffltui.o(.text)
    .text                                    0x000002c4   Section        0  ffixui.o(.text)
    .text                                    0x000002ec   Section        0  dfixui.o(.text)
    .text                                    0x00000328   Section        0  f2d.o(.text)
    .text                                    0x00000350   Section       20  cfcmple.o(.text)
    .text                                    0x00000364   Section        0  llushr.o(.text)
    .text                                    0x00000386   Section        0  iusefp.o(.text)
    .text                                    0x00000388   Section       36  init.o(.text)
    i.ADC0_init                              0x000003ac   Section        0  utils.o(i.ADC0_init)
    i.Key_Init                               0x000003f0   Section        0  hmi.o(i.Key_Init)
    i.__scatterload_null                     0x000003fc   Section        2  handlers.o(i.__scatterload_null)
    .ARM.__at_0x400                          0x00000400   Section       16  startup_mkl25z4.o(.ARM.__at_0x400)
    .text                                    0x00000410   Section        0  fepilogue.o(.text)
    i.ButtonKey_Init                         0x00000494   Section        0  hmi.o(i.ButtonKey_Init)
    ButtonKey_Init                           0x00000495   Thumb Code    58  hmi.o(i.ButtonKey_Init)
    i.Button_control                         0x000004e4   Section        0  utils.o(i.Button_control)
    i.COGClear                               0x00000934   Section        0  lcd_driver.o(i.COGClear)
    COGClear                                 0x00000935   Thumb Code    64  lcd_driver.o(i.COGClear)
    i.Clock_Mode                             0x00000978   Section        0  utils.o(i.Clock_Mode)
    i.DrawMenu                               0x00000a7c   Section        0  hmi.o(i.DrawMenu)
    i.GPIO_Init                              0x00000aec   Section        0  utils.o(i.GPIO_Init)
    i.GrClear                                0x00000b30   Section        0  lcd_driver.o(i.GrClear)
    i.GrDisplay_ZK_16x16                     0x00000b7c   Section        0  lcd_driver.o(i.GrDisplay_ZK_16x16)
    GrDisplay_ZK_16x16                       0x00000b7d   Thumb Code   176  lcd_driver.o(i.GrDisplay_ZK_16x16)
    i.GrDisplay_ZK_8x16                      0x00000c38   Section        0  lcd_driver.o(i.GrDisplay_ZK_8x16)
    GrDisplay_ZK_8x16                        0x00000c39   Thumb Code   176  lcd_driver.o(i.GrDisplay_ZK_8x16)
    i.GrStringNum                            0x00000cf4   Section        0  lcd_driver.o(i.GrStringNum)
    i.GrString_GB2312                        0x00000d18   Section        0  lcd_driver.o(i.GrString_GB2312)
    i.InitGPIOLCDInterface                   0x00000dec   Section        0  lcd_driver.o(i.InitGPIOLCDInterface)
    InitGPIOLCDInterface                     0x00000ded   Thumb Code   166  lcd_driver.o(i.InitGPIOLCDInterface)
    i.InitLCDDisplayBuffer                   0x00000eac   Section        0  lcd_driver.o(i.InitLCDDisplayBuffer)
    InitLCDDisplayBuffer                     0x00000ead   Thumb Code    44  lcd_driver.o(i.InitLCDDisplayBuffer)
    i.KEY_Down_Onclick                       0x00000edc   Section        0  hmi.o(i.KEY_Down_Onclick)
    KEY_Down_Onclick                         0x00000edd   Thumb Code    38  hmi.o(i.KEY_Down_Onclick)
    i.KEY_Left_Onclick                       0x00000f0c   Section        0  hmi.o(i.KEY_Left_Onclick)
    KEY_Left_Onclick                         0x00000f0d   Thumb Code    14  hmi.o(i.KEY_Left_Onclick)
    i.KEY_Right_Onclick                      0x00000f20   Section        0  hmi.o(i.KEY_Right_Onclick)
    KEY_Right_Onclick                        0x00000f21   Thumb Code    14  hmi.o(i.KEY_Right_Onclick)
    i.KEY_Up_Onclick                         0x00000f34   Section        0  hmi.o(i.KEY_Up_Onclick)
    KEY_Up_Onclick                           0x00000f35   Thumb Code    38  hmi.o(i.KEY_Up_Onclick)
    i.Key_IODect                             0x00000f64   Section        0  hmi.o(i.Key_IODect)
    i.LCD_DriverInit                         0x00001044   Section        0  lcd_driver.o(i.LCD_DriverInit)
    i.ROM_ReadData                           0x000010ec   Section        0  lcd_driver.o(i.ROM_ReadData)
    ROM_ReadData                             0x000010ed   Thumb Code    68  lcd_driver.o(i.ROM_ReadData)
    i.ROM_WriteCmd                           0x00001134   Section        0  lcd_driver.o(i.ROM_WriteCmd)
    ROM_WriteCmd                             0x00001135   Thumb Code    60  lcd_driver.o(i.ROM_WriteCmd)
    i.SendByte                               0x00001174   Section        0  lcd_driver.o(i.SendByte)
    SendByte                                 0x00001175   Thumb Code    56  lcd_driver.o(i.SendByte)
    i.SetAddress                             0x000011b0   Section        0  lcd_driver.o(i.SetAddress)
    i.Sound_Detect                           0x000011e8   Section        0  utils.o(i.Sound_Detect)
    i.Sound_Mode                             0x0000128c   Section        0  utils.o(i.Sound_Mode)
    i.SysTick_Handler                        0x00001384   Section        0  isr.o(i.SysTick_Handler)
    i.SysTick_Init                           0x0000139c   Section        0  hmi.o(i.SysTick_Init)
    i.SystemInit                             0x000013b0   Section        0  system_mkl25z4.o(i.SystemInit)
    i.Timer                                  0x000013bc   Section        0  utils.o(i.Timer)
    i.WriteCommand                           0x000015f8   Section        0  lcd_driver.o(i.WriteCommand)
    WriteCommand                             0x000015f9   Thumb Code    36  lcd_driver.o(i.WriteCommand)
    i.WriteData                              0x00001620   Section        0  lcd_driver.o(i.WriteData)
    WriteData                                0x00001621   Thumb Code    36  lcd_driver.o(i.WriteData)
    i.__ARM_common_switch8                   0x00001648   Section        0  main.o(i.__ARM_common_switch8)
    i.__scatterload_copy                     0x00001664   Section       14  handlers.o(i.__scatterload_copy)
    i.__scatterload_zeroinit                 0x00001672   Section       14  handlers.o(i.__scatterload_zeroinit)
    i.delay                                  0x00001680   Section        0  utils.o(i.delay)
    i.delay_COG12864                         0x0000168c   Section        0  lcd_driver.o(i.delay_COG12864)
    delay_COG12864                           0x0000168d   Thumb Code    28  lcd_driver.o(i.delay_COG12864)
    i.delay_us                               0x000016ac   Section        0  lcd_driver.o(i.delay_us)
    delay_us                                 0x000016ad   Thumb Code    22  lcd_driver.o(i.delay_us)
    i.floatTochar                            0x000016c2   Section        0  lcd_driver.o(i.floatTochar)
    i.main                                   0x000017b0   Section        0  main.o(i.main)
    .conststring                             0x00001840   Section       77  hmi.o(.conststring)
    .data                                    0x1ffff000   Section       36  hmi.o(.data)
    KEY1_Now                                 0x1ffff020   Data           1  hmi.o(.data)
    KEY2_Now                                 0x1ffff021   Data           1  hmi.o(.data)
    KEY3_Now                                 0x1ffff022   Data           1  hmi.o(.data)
    KEY4_Now                                 0x1ffff023   Data           1  hmi.o(.data)
    .data                                    0x1ffff024   Section        2  isr.o(.data)
    .data                                    0x1ffff026   Section        1  lcd_driver.o(.data)
    .data                                    0x1ffff028   Section        8  utils.o(.data)
    .data                                    0x1ffff030   Section        4  rand.o(.data)
    _rand_state                              0x1ffff030   Data           4  rand.o(.data)
    .bss                                     0x1ffff034   Section     1034  lcd_driver.o(.bss)
    STACK                                    0x1ffff440   Section      256  startup_mkl25z4.o(STACK)

    Global Symbols

    Symbol Name                              Value     Ov Type        Size  Object(Section)

    BuildAttributes$$THM_ISAv3M$S$PE$A:L22$X:L11$S22$IEEE1$IW$USESV6$~STKCKD$USESV7$~SHL$OTIME$ROPI$IEEEX$EBA8$MICROLIB$REQ8$PRES8$EABIv2 0x00000000   Number         0  anon$$obj.o ABSOLUTE
    __ARM_use_no_argv                        0x00000000   Number         0  main.o ABSOLUTE
    __Vectors                                0x00000000   Data           4  startup_mkl25z4.o(RESET)
    __cpp_initialize__aeabi_                  - Undefined Weak Reference
    __cxa_finalize                            - Undefined Weak Reference
    __decompress                              - Undefined Weak Reference
    _clock_init                               - Undefined Weak Reference
    _microlib_exit                            - Undefined Weak Reference
    __Vectors_End                            0x000000c0   Data           0  startup_mkl25z4.o(RESET)
    __Vectors_Size                           0x000000c0   Number         0  startup_mkl25z4.o ABSOLUTE
    __main                                   0x000000c1   Thumb Code     0  entry.o(.ARM.Collect$$$$00000000)
    _main_stk                                0x000000c1   Thumb Code     0  entry2.o(.ARM.Collect$$$$00000001)
    _main_scatterload                        0x000000c5   Thumb Code     0  entry5.o(.ARM.Collect$$$$00000004)
    __main_after_scatterload                 0x000000c9   Thumb Code     0  entry5.o(.ARM.Collect$$$$00000004)
    _main_clock                              0x000000c9   Thumb Code     0  entry7b.o(.ARM.Collect$$$$00000008)
    _main_cpp_init                           0x000000c9   Thumb Code     0  entry8b.o(.ARM.Collect$$$$0000000A)
    _main_init                               0x000000c9   Thumb Code     0  entry9a.o(.ARM.Collect$$$$0000000B)
    __rt_final_cpp                           0x000000d1   Thumb Code     0  entry10a.o(.ARM.Collect$$$$0000000D)
    __rt_final_exit                          0x000000d1   Thumb Code     0  entry11a.o(.ARM.Collect$$$$0000000F)
    Reset_Handler                            0x000000d5   Thumb Code    12  startup_mkl25z4.o(.text)
    NMI_Handler                              0x000000e1   Thumb Code     2  startup_mkl25z4.o(.text)
    HardFault_Handler                        0x000000e3   Thumb Code     2  startup_mkl25z4.o(.text)
    SVC_Handler                              0x000000e5   Thumb Code     2  startup_mkl25z4.o(.text)
    PendSV_Handler                           0x000000e7   Thumb Code     2  startup_mkl25z4.o(.text)
    ADC0_IRQHandler                          0x000000eb   Thumb Code     0  startup_mkl25z4.o(.text)
    CMP0_IRQHandler                          0x000000eb   Thumb Code     0  startup_mkl25z4.o(.text)
    DAC0_IRQHandler                          0x000000eb   Thumb Code     0  startup_mkl25z4.o(.text)
    DMA0_IRQHandler                          0x000000eb   Thumb Code     0  startup_mkl25z4.o(.text)
    DMA1_IRQHandler                          0x000000eb   Thumb Code     0  startup_mkl25z4.o(.text)
    DMA2_IRQHandler                          0x000000eb   Thumb Code     0  startup_mkl25z4.o(.text)
    DMA3_IRQHandler                          0x000000eb   Thumb Code     0  startup_mkl25z4.o(.text)
    DefaultISR                               0x000000eb   Thumb Code     0  startup_mkl25z4.o(.text)
    FTFA_IRQHandler                          0x000000eb   Thumb Code     0  startup_mkl25z4.o(.text)
    I2C0_IRQHandler                          0x000000eb   Thumb Code     0  startup_mkl25z4.o(.text)
    I2C1_IRQHandler                          0x000000eb   Thumb Code     0  startup_mkl25z4.o(.text)
    LLWU_IRQHandler                          0x000000eb   Thumb Code     0  startup_mkl25z4.o(.text)
    LPTMR0_IRQHandler                        0x000000eb   Thumb Code     0  startup_mkl25z4.o(.text)
    LVD_LVW_IRQHandler                       0x000000eb   Thumb Code     0  startup_mkl25z4.o(.text)
    MCG_IRQHandler                           0x000000eb   Thumb Code     0  startup_mkl25z4.o(.text)
    PIT_IRQHandler                           0x000000eb   Thumb Code     0  startup_mkl25z4.o(.text)
    PORTA_IRQHandler                         0x000000eb   Thumb Code     0  startup_mkl25z4.o(.text)
    PORTD_IRQHandler                         0x000000eb   Thumb Code     0  startup_mkl25z4.o(.text)
    RTC_IRQHandler                           0x000000eb   Thumb Code     0  startup_mkl25z4.o(.text)
    RTC_Seconds_IRQHandler                   0x000000eb   Thumb Code     0  startup_mkl25z4.o(.text)
    Reserved20_IRQHandler                    0x000000eb   Thumb Code     0  startup_mkl25z4.o(.text)
    Reserved39_IRQHandler                    0x000000eb   Thumb Code     0  startup_mkl25z4.o(.text)
    Reserved45_IRQHandler                    0x000000eb   Thumb Code     0  startup_mkl25z4.o(.text)
    SPI0_IRQHandler                          0x000000eb   Thumb Code     0  startup_mkl25z4.o(.text)
    SPI1_IRQHandler                          0x000000eb   Thumb Code     0  startup_mkl25z4.o(.text)
    TPM0_IRQHandler                          0x000000eb   Thumb Code     0  startup_mkl25z4.o(.text)
    TPM1_IRQHandler                          0x000000eb   Thumb Code     0  startup_mkl25z4.o(.text)
    TPM2_IRQHandler                          0x000000eb   Thumb Code     0  startup_mkl25z4.o(.text)
    TSI0_IRQHandler                          0x000000eb   Thumb Code     0  startup_mkl25z4.o(.text)
    UART0_IRQHandler                         0x000000eb   Thumb Code     0  startup_mkl25z4.o(.text)
    UART1_IRQHandler                         0x000000eb   Thumb Code     0  startup_mkl25z4.o(.text)
    UART2_IRQHandler                         0x000000eb   Thumb Code     0  startup_mkl25z4.o(.text)
    USB0_IRQHandler                          0x000000eb   Thumb Code     0  startup_mkl25z4.o(.text)
    __aeabi_uidiv                            0x000000fd   Thumb Code     0  uidiv.o(.text)
    __aeabi_uidivmod                         0x000000fd   Thumb Code    44  uidiv.o(.text)
    __aeabi_idiv                             0x00000129   Thumb Code     0  idiv.o(.text)
    __aeabi_idivmod                          0x00000129   Thumb Code    40  idiv.o(.text)
    rand                                     0x00000151   Thumb Code    18  rand.o(.text)
    srand                                    0x00000163   Thumb Code     6  rand.o(.text)
    __aeabi_fadd                             0x00000175   Thumb Code   162  fadd.o(.text)
    __aeabi_fsub                             0x00000217   Thumb Code     8  fadd.o(.text)
    __aeabi_frsub                            0x0000021f   Thumb Code     8  fadd.o(.text)
    __aeabi_fmul                             0x00000227   Thumb Code   122  fmul.o(.text)
    __aeabi_i2f                              0x000002a1   Thumb Code    22  fflti.o(.text)
    __aeabi_ui2f                             0x000002b7   Thumb Code    14  ffltui.o(.text)
    __aeabi_f2uiz                            0x000002c5   Thumb Code    40  ffixui.o(.text)
    __aeabi_d2uiz                            0x000002ed   Thumb Code    50  dfixui.o(.text)
    __aeabi_f2d                              0x00000329   Thumb Code    40  f2d.o(.text)
    __aeabi_cfcmpeq                          0x00000351   Thumb Code     0  cfcmple.o(.text)
    __aeabi_cfcmple                          0x00000351   Thumb Code    20  cfcmple.o(.text)
    __aeabi_llsr                             0x00000365   Thumb Code    34  llushr.o(.text)
    _ll_ushift_r                             0x00000365   Thumb Code     0  llushr.o(.text)
    __I$use$fp                               0x00000387   Thumb Code     0  iusefp.o(.text)
    __scatterload                            0x00000389   Thumb Code    28  init.o(.text)
    __scatterload_rt2                        0x00000389   Thumb Code     0  init.o(.text)
    ADC0_init                                0x000003ad   Thumb Code    56  utils.o(i.ADC0_init)
    Key_Init                                 0x000003f1   Thumb Code    12  hmi.o(i.Key_Init)
    __scatterload_null                       0x000003fd   Thumb Code     2  handlers.o(i.__scatterload_null)
    _float_round                             0x00000411   Thumb Code    16  fepilogue.o(.text)
    _float_epilogue                          0x00000421   Thumb Code   114  fepilogue.o(.text)
    Button_control                           0x000004e5   Thumb Code  1104  utils.o(i.Button_control)
    Clock_Mode                               0x00000979   Thumb Code   218  utils.o(i.Clock_Mode)
    DrawMenu                                 0x00000a7d   Thumb Code   102  hmi.o(i.DrawMenu)
    GPIO_Init                                0x00000aed   Thumb Code    56  utils.o(i.GPIO_Init)
    GrClear                                  0x00000b31   Thumb Code    72  lcd_driver.o(i.GrClear)
    GrStringNum                              0x00000cf5   Thumb Code    32  lcd_driver.o(i.GrStringNum)
    GrString_GB2312                          0x00000d19   Thumb Code   202  lcd_driver.o(i.GrString_GB2312)
    Key_IODect                               0x00000f65   Thumb Code   200  hmi.o(i.Key_IODect)
    LCD_DriverInit                           0x00001045   Thumb Code   164  lcd_driver.o(i.LCD_DriverInit)
    SetAddress                               0x000011b1   Thumb Code    54  lcd_driver.o(i.SetAddress)
    Sound_Detect                             0x000011e9   Thumb Code   124  utils.o(i.Sound_Detect)
    Sound_Mode                               0x0000128d   Thumb Code   186  utils.o(i.Sound_Mode)
    SysTick_Handler                          0x00001385   Thumb Code    18  isr.o(i.SysTick_Handler)
    SysTick_Init                             0x0000139d   Thumb Code    12  hmi.o(i.SysTick_Init)
    SystemInit                               0x000013b1   Thumb Code     8  system_mkl25z4.o(i.SystemInit)
    Timer                                    0x000013bd   Thumb Code   486  utils.o(i.Timer)
    __ARM_common_switch8                     0x00001649   Thumb Code    28  main.o(i.__ARM_common_switch8)
    __scatterload_copy                       0x00001665   Thumb Code    14  handlers.o(i.__scatterload_copy)
    __scatterload_zeroinit                   0x00001673   Thumb Code    14  handlers.o(i.__scatterload_zeroinit)
    delay                                    0x00001681   Thumb Code    12  utils.o(i.delay)
    floatTochar                              0x000016c3   Thumb Code   236  lcd_driver.o(i.floatTochar)
    main                                     0x000017b1   Thumb Code   136  main.o(i.main)
    Region$$Table$$Base                      0x00001890   Number         0  anon$$obj.o(Region$$Table)
    Region$$Table$$Limit                     0x000018b0   Number         0  anon$$obj.o(Region$$Table)
    ui8ButtonKeyValue                        0x1ffff000   Data           1  hmi.o(.data)
    ui8Value                                 0x1ffff001   Data           1  hmi.o(.data)
    freeValue                                0x1ffff004   Data           4  hmi.o(.data)
    cMenuString                              0x1ffff008   Data          24  hmi.o(.data)
    N_SysTick                                0x1ffff024   Data           2  isr.o(.data)
    INVERSE                                  0x1ffff026   Data           1  lcd_driver.o(.data)
    adc_result                               0x1ffff028   Data           2  utils.o(.data)
    CLOCKS_PER_SEC                           0x1ffff02c   Data           4  utils.o(.data)
    Template_Memory                          0x1ffff034   Data        1024  lcd_driver.o(.bss)
    databuf                                  0x1ffff434   Data          10  lcd_driver.o(.bss)
    __initial_sp                             0x1ffff540   Data           0  startup_mkl25z4.o(STACK)



==============================================================================

Memory Map of the image

  Image Entry point : 0x000000d5

  Load Region LR_1 (Base: 0x00000000, Size: 0x000018e4, Max: 0xffffffff, ABSOLUTE)

    Execution Region ER_RO (Exec base: 0x00000000, Load base: 0x00000000, Size: 0x000018b0, Max: 0xffffffff, ABSOLUTE)

    Exec Addr    Load Addr    Size         Type   Attr      Idx    E Section Name        Object

    0x00000000   0x00000000   0x000000c0   Data   RO          416    RESET               startup_mkl25z4.o
    0x000000c0   0x000000c0   0x00000000   Code   RO          472  * .ARM.Collect$$$$00000000  mc_p.l(entry.o)
    0x000000c0   0x000000c0   0x00000004   Code   RO          533    .ARM.Collect$$$$00000001  mc_p.l(entry2.o)
    0x000000c4   0x000000c4   0x00000004   Code   RO          536    .ARM.Collect$$$$00000004  mc_p.l(entry5.o)
    0x000000c8   0x000000c8   0x00000000   Code   RO          538    .ARM.Collect$$$$00000008  mc_p.l(entry7b.o)
    0x000000c8   0x000000c8   0x00000000   Code   RO          540    .ARM.Collect$$$$0000000A  mc_p.l(entry8b.o)
    0x000000c8   0x000000c8   0x00000008   Code   RO          541    .ARM.Collect$$$$0000000B  mc_p.l(entry9a.o)
    0x000000d0   0x000000d0   0x00000000   Code   RO          543    .ARM.Collect$$$$0000000D  mc_p.l(entry10a.o)
    0x000000d0   0x000000d0   0x00000000   Code   RO          545    .ARM.Collect$$$$0000000F  mc_p.l(entry11a.o)
    0x000000d0   0x000000d0   0x00000004   Code   RO          534    .ARM.Collect$$$$00002712  mc_p.l(entry2.o)
    0x000000d4   0x000000d4   0x00000028   Code   RO          418  * .text               startup_mkl25z4.o
    0x000000fc   0x000000fc   0x0000002c   Code   RO          475    .text               mc_p.l(uidiv.o)
    0x00000128   0x00000128   0x00000028   Code   RO          477    .text               mc_p.l(idiv.o)
    0x00000150   0x00000150   0x00000024   Code   RO          479    .text               mc_p.l(rand.o)
    0x00000174   0x00000174   0x000000b2   Code   RO          482    .text               mf_p.l(fadd.o)
    0x00000226   0x00000226   0x0000007a   Code   RO          484    .text               mf_p.l(fmul.o)
    0x000002a0   0x000002a0   0x00000016   Code   RO          490    .text               mf_p.l(fflti.o)
    0x000002b6   0x000002b6   0x0000000e   Code   RO          492    .text               mf_p.l(ffltui.o)
    0x000002c4   0x000002c4   0x00000028   Code   RO          496    .text               mf_p.l(ffixui.o)
    0x000002ec   0x000002ec   0x0000003c   Code   RO          498    .text               mf_p.l(dfixui.o)
    0x00000328   0x00000328   0x00000028   Code   RO          500    .text               mf_p.l(f2d.o)
    0x00000350   0x00000350   0x00000014   Code   RO          504    .text               mf_p.l(cfcmple.o)
    0x00000364   0x00000364   0x00000022   Code   RO          547    .text               mc_p.l(llushr.o)
    0x00000386   0x00000386   0x00000000   Code   RO          556    .text               mc_p.l(iusefp.o)
    0x00000386   0x00000386   0x00000002   PAD
    0x00000388   0x00000388   0x00000024   Code   RO          569    .text               mc_p.l(init.o)
    0x000003ac   0x000003ac   0x00000044   Code   RO          351    i.ADC0_init         utils.o
    0x000003f0   0x000003f0   0x0000000c   Code   RO           10    i.Key_Init          hmi.o
    0x000003fc   0x000003fc   0x00000002   Code   RO          582    i.__scatterload_null  mc_p.l(handlers.o)
    0x000003fe   0x000003fe   0x00000002   PAD
    0x00000400   0x00000400   0x00000010   Code   RO          417    .ARM.__at_0x400     startup_mkl25z4.o
    0x00000410   0x00000410   0x00000082   Code   RO          557    .text               mf_p.l(fepilogue.o)
    0x00000492   0x00000492   0x00000002   PAD
    0x00000494   0x00000494   0x00000050   Code   RO            3    i.ButtonKey_Init    hmi.o
    0x000004e4   0x000004e4   0x00000450   Code   RO          352    i.Button_control    utils.o
    0x00000934   0x00000934   0x00000044   Code   RO          139    i.COGClear          lcd_driver.o
    0x00000978   0x00000978   0x00000104   Code   RO          353    i.Clock_Mode        utils.o
    0x00000a7c   0x00000a7c   0x00000070   Code   RO            4    i.DrawMenu          hmi.o
    0x00000aec   0x00000aec   0x00000044   Code   RO          354    i.GPIO_Init         utils.o
    0x00000b30   0x00000b30   0x0000004c   Code   RO          141    i.GrClear           lcd_driver.o
    0x00000b7c   0x00000b7c   0x000000bc   Code   RO          142    i.GrDisplay_ZK_16x16  lcd_driver.o
    0x00000c38   0x00000c38   0x000000bc   Code   RO          144    i.GrDisplay_ZK_8x16  lcd_driver.o
    0x00000cf4   0x00000cf4   0x00000024   Code   RO          147    i.GrStringNum       lcd_driver.o
    0x00000d18   0x00000d18   0x000000d4   Code   RO          149    i.GrString_GB2312   lcd_driver.o
    0x00000dec   0x00000dec   0x000000c0   Code   RO          152    i.InitGPIOLCDInterface  lcd_driver.o
    0x00000eac   0x00000eac   0x00000030   Code   RO          153    i.InitLCDDisplayBuffer  lcd_driver.o
    0x00000edc   0x00000edc   0x00000030   Code   RO            5    i.KEY_Down_Onclick  hmi.o
    0x00000f0c   0x00000f0c   0x00000014   Code   RO            6    i.KEY_Left_Onclick  hmi.o
    0x00000f20   0x00000f20   0x00000014   Code   RO            7    i.KEY_Right_Onclick  hmi.o
    0x00000f34   0x00000f34   0x00000030   Code   RO            8    i.KEY_Up_Onclick    hmi.o
    0x00000f64   0x00000f64   0x000000e0   Code   RO            9    i.Key_IODect        hmi.o
    0x00001044   0x00001044   0x000000a8   Code   RO          154    i.LCD_DriverInit    lcd_driver.o
    0x000010ec   0x000010ec   0x00000048   Code   RO          155    i.ROM_ReadData      lcd_driver.o
    0x00001134   0x00001134   0x00000040   Code   RO          156    i.ROM_WriteCmd      lcd_driver.o
    0x00001174   0x00001174   0x0000003c   Code   RO          157    i.SendByte          lcd_driver.o
    0x000011b0   0x000011b0   0x00000036   Code   RO          158    i.SetAddress        lcd_driver.o
    0x000011e6   0x000011e6   0x00000002   PAD
    0x000011e8   0x000011e8   0x000000a4   Code   RO          355    i.Sound_Detect      utils.o
    0x0000128c   0x0000128c   0x000000f8   Code   RO          356    i.Sound_Mode        utils.o
    0x00001384   0x00001384   0x00000018   Code   RO          106    i.SysTick_Handler   isr.o
    0x0000139c   0x0000139c   0x00000014   Code   RO           11    i.SysTick_Init      hmi.o
    0x000013b0   0x000013b0   0x0000000c   Code   RO          427    i.SystemInit        system_mkl25z4.o
    0x000013bc   0x000013bc   0x0000023c   Code   RO          357    i.Timer             utils.o
    0x000015f8   0x000015f8   0x00000028   Code   RO          159    i.WriteCommand      lcd_driver.o
    0x00001620   0x00001620   0x00000028   Code   RO          160    i.WriteData         lcd_driver.o
    0x00001648   0x00001648   0x0000001c   Code   RO          338    i.__ARM_common_switch8  main.o
    0x00001664   0x00001664   0x0000000e   Code   RO          581    i.__scatterload_copy  mc_p.l(handlers.o)
    0x00001672   0x00001672   0x0000000e   Code   RO          583    i.__scatterload_zeroinit  mc_p.l(handlers.o)
    0x00001680   0x00001680   0x0000000c   Code   RO          358    i.delay             utils.o
    0x0000168c   0x0000168c   0x00000020   Code   RO          162    i.delay_COG12864    lcd_driver.o
    0x000016ac   0x000016ac   0x00000016   Code   RO          163    i.delay_us          lcd_driver.o
    0x000016c2   0x000016c2   0x000000ec   Code   RO          164    i.floatTochar       lcd_driver.o
    0x000017ae   0x000017ae   0x00000002   PAD
    0x000017b0   0x000017b0   0x00000090   Code   RO          323    i.main              main.o
    0x00001840   0x00001840   0x0000004d   Data   RO           12    .conststring        hmi.o
    0x0000188d   0x0000188d   0x00000003   PAD
    0x00001890   0x00001890   0x00000020   Data   RO          579    Region$$Table       anon$$obj.o


    Execution Region ER_RW (Exec base: 0x1ffff000, Load base: 0x000018b0, Size: 0x00000034, Max: 0xffffffff, ABSOLUTE)

    Exec Addr    Load Addr    Size         Type   Attr      Idx    E Section Name        Object

    0x1ffff000   0x000018b0   0x00000024   Data   RW           13    .data               hmi.o
    0x1ffff024   0x000018d4   0x00000002   Data   RW          107    .data               isr.o
    0x1ffff026   0x000018d6   0x00000001   Data   RW          167    .data               lcd_driver.o
    0x1ffff027   0x000018d7   0x00000001   PAD
    0x1ffff028   0x000018d8   0x00000008   Data   RW          359    .data               utils.o
    0x1ffff030   0x000018e0   0x00000004   Data   RW          480    .data               mc_p.l(rand.o)


    Execution Region ER_ZI (Exec base: 0x1ffff034, Load base: 0x000018e4, Size: 0x0000050c, Max: 0xffffffff, ABSOLUTE)

    Exec Addr    Load Addr    Size         Type   Attr      Idx    E Section Name        Object

    0x1ffff034        -       0x0000040a   Zero   RW          165    .bss                lcd_driver.o
    0x1ffff43e   0x000018e4   0x00000002   PAD
    0x1ffff440        -       0x00000100   Zero   RW          414    STACK               startup_mkl25z4.o


==============================================================================

Image component sizes


      Code (inc. data)   RO Data    RW Data    ZI Data      Debug   Object Name

       584         96         77         36          0       8865   hmi.o
        24          6          0          2          0        542   isr.o
      1796        104          0          1       1034      10483   lcd_driver.o
       172         16          0          0          0        607   main.o
        56         30        192          0        256        788   startup_mkl25z4.o
        12          4          0          0          0        405   system_mkl25z4.o
      2496        368          0          8          0       4926   utils.o

    ----------------------------------------------------------------------
      5144        624        304         48       1292      26616   Object Totals
         0          0         32          0          0          0   (incl. Generated)
         4          0          3          1          2          0   (incl. Padding)

    ----------------------------------------------------------------------

      Code (inc. data)   RO Data    RW Data    ZI Data      Debug   Library Member Name

         0          0          0          0          0          0   entry.o
         0          0          0          0          0          0   entry10a.o
         0          0          0          0          0          0   entry11a.o
         8          4          0          0          0          0   entry2.o
         4          0          0          0          0          0   entry5.o
         0          0          0          0          0          0   entry7b.o
         0          0          0          0          0          0   entry8b.o
         8          4          0          0          0          0   entry9a.o
        30          0          0          0          0          0   handlers.o
        40          0          0          0          0         72   idiv.o
        36          8          0          0          0         68   init.o
         0          0          0          0          0          0   iusefp.o
        34          0          0          0          0         68   llushr.o
        36         12          0          4          0        120   rand.o
        44          0          0          0          0         72   uidiv.o
        20          0          0          0          0         68   cfcmple.o
        60         10          0          0          0         68   dfixui.o
        40          0          0          0          0         60   f2d.o
       178          0          0          0          0        108   fadd.o
       130          0          0          0          0        144   fepilogue.o
        40          0          0          0          0         60   ffixui.o
        22          0          0          0          0         68   fflti.o
        14          0          0          0          0         68   ffltui.o
       122          0          0          0          0         72   fmul.o

    ----------------------------------------------------------------------
       872         38          0          4          0       1116   Library Totals
         6          0          0          0          0          0   (incl. Padding)

    ----------------------------------------------------------------------

      Code (inc. data)   RO Data    RW Data    ZI Data      Debug   Library Name

       240         28          0          4          0        400   mc_p.l
       626         10          0          0          0        716   mf_p.l

    ----------------------------------------------------------------------
       872         38          0          4          0       1116   Library Totals

    ----------------------------------------------------------------------

==============================================================================


      Code (inc. data)   RO Data    RW Data    ZI Data      Debug   

      6016        662        304         52       1292      25764   Grand Totals
      6016        662        304         52       1292      25764   ELF Image Totals
      6016        662        304         52          0          0   ROM Totals

==============================================================================

    Total RO  Size (Code + RO Data)                 6320 (   6.17kB)
    Total RW  Size (RW Data + ZI Data)              1344 (   1.31kB)
    Total ROM Size (Code + RO Data + RW Data)       6372 (   6.22kB)

==============================================================================

