<html>
<body>
<pre>
<h1>µVision Build Log</h1>
<h2>Tool Versions:</h2>
IDE-Version: ¦ÌVision V5.26.2.0
Copyright (C) 2018 ARM Ltd and ARM Germany GmbH. All rights reserved.
License Information: Wu Peilin, Nanjing Normal University, LIC=----
 
Tool Versions:
Toolchain:       MDK-Lite  Version: 5.26.2.0
Toolchain Path:  D:\Program Files (x86)\keil\ARM\ARMCC\Bin
C Compiler:      Armcc.exe V5.06 update 6 (build 750)
Assembler:       Armasm.exe V5.06 update 6 (build 750)
Linker/Locator:  ArmLink.exe V5.06 update 6 (build 750)
Library Manager: ArmAr.exe V5.06 update 6 (build 750)
Hex Converter:   FromElf.exe V5.06 update 6 (build 750)
CPU DLL:         SARMCM3.DLL V5.26.2.0
Dialog DLL:      DARMCM1.DLL V1.19.1.0
Target DLL:      PEMicro\Pemicro_ArmCortexInterface.dll V1.11
Dialog DLL:      TARMCM1.DLL V1.14.0.0
 
<h2>Project:</h2>
R:\NightLight\NightLight.uvprojx
Project File Date:  07/04/2020

<h2>Output:</h2>
*** Using Compiler 'V5.06 update 6 (build 750)', folder: 'D:\Program Files (x86)\keil\ARM\ARMCC\Bin'
Rebuild target 'Target 1'
assembling startup_MKL25Z4.s...
compiling main.c...
user\main.c(15): warning:  #177-D: variable "start_time"  was declared but never referenced
  	int start_time = N_SysTick;
user\main.c: 1 warning, 0 errors
compiling HMI.c...
compiling system_MKL25Z4.c...
compiling ISR.c...
compiling utils.c...
user\utils.c(341): warning:  #1-D: last line of file ends without a newline
  }
user\utils.c: 1 warning, 0 errors
compiling lcd_driver.c...
linking...
Program Size: Code=6016 RO-data=304 RW-data=52 ZI-data=1292  
".\Objects\NightLight.axf" - 0 Error(s), 2 Warning(s).

<h2>Software Packages used:</h2>

Package Vendor: ARM
                http://www.keil.com/pack/ARM.CMSIS.5.4.0.pack
                ARM.CMSIS.5.4.0
                CMSIS (Cortex Microcontroller Software Interface Standard)
   * Component: CORE Version: 5.1.2

Package Vendor: Keil
                http://www.keil.com/pack/Keil.Kinetis_KLxx_DFP.1.15.0.pack
                Keil.Kinetis_KLxx_DFP.1.15.0
                NXP Kinetis KLxx Series Device Support and Examples
   * Component: Startup Version: 2.5.0

<h2>Collection of Component include folders:</h2>
  .\RTE\Device\MKL25Z128xxx4
  .\RTE\_Target_1
  D:\Users\peilin\AppData\Local\Arm\Packs\ARM\CMSIS\5.4.0\CMSIS\Core\Include
  D:\Users\peilin\AppData\Local\Arm\Packs\Keil\Kinetis_KLxx_DFP\1.15.0\Device\Include

<h2>Collection of Component Files used:</h2>

   * Component: ARM::CMSIS:CORE:5.1.2

   * Component: Keil::Device:Startup:2.5.0
      Source file:   Device\Source\ARM\startup_MKL25Z4.s
      Source file:   Device\Source\system_MKL25Z4.c
      Include file:  Device\Source\system_MKL25Z4.h
Build Time Elapsed:  00:00:01
</pre>
</body>
</html>
